// Jest Snapshot v1, https://goo.gl/fbAQLP

exports[`Alert renders Alert component without crashing 1`] = `
<div
  className="alert alert-primary mt-3"
>
  <h4
    className="alert-heading"
  >
    Alert message
  </h4>
</div>
`;
