// Jest Snapshot v1, https://goo.gl/fbAQLP

exports[`App renders App without crashing 1`] = `
<BrowserRouter>
  <Header />
  <Route
    component={
      Object {
        "$$typeof": Symbol(react.memo),
        "WrappedComponent": [Function],
        "compare": null,
        "displayName": "Connect(AttendiesList)",
        "type": [Function],
      }
    }
    exact={true}
    path="/"
  />
  <Route
    component={
      Object {
        "$$typeof": Symbol(react.memo),
        "WrappedComponent": [Function],
        "compare": null,
        "displayName": "Connect(AttendeeForm)",
        "type": [Function],
      }
    }
    path="/add"
  />
</BrowserRouter>
`;
